=== control/main.py: Stage-10a 2Wiki retrieval gate (stage10a-2wiki-retrieval-gate-v1) ===
--- limit=500 seed=42 top-k=5 nodes=48 expand=5 (no reader) ---
Copied extracted project /kaggle/input/datasets/anantonayan/dataset12 to /kaggle/working/ace_rag_research_v13_analysis
$ /usr/bin/python3 -m pip install -q -r requirements-cloud.txt
[overlay] applied 5 file(s) to /kaggle/working/ace_rag_research_v13_analysis: ['ace_rag/context_quality.py', 'ace_rag/datasets.py', 'ace_rag/evidence_packer.py', 'ace_rag/generator.py', 'experiments/run_density_router.py']
[2wiki] using /kaggle/input/datasets/anantonayan/2wikimultihop/2wikimultihop/dev.json  (1 candidate(s))
$ /usr/bin/python3 -m experiments.run_density_router --dataset 2wiki_local --twowiki-path /kaggle/input/datasets/anantonayan/2wikimultihop/2wikimultihop/dev.json --retrieval-only --limit 500 --seed 42 --ace-retriever standard --top-k 5 --top-k-nodes 48 --max-expanded-docs 5 --embedder sentence-transformers --embedding-model BAAI/bge-small-en-v1.5 --embed-device cuda --compressor truncate --compress-dims 320 --out-dir /kaggle/working/colab_results/stage10a_2wiki_retrieval_gate_limit500_seed42
2wiki_local[500]: 3191 docs, 500 questions, 2.40 gold docs/question
[density] retrieving chunk baseline
2026-06-28 20:49:32.398249: E external/local_xla/xla/stream_executor/cuda/cuda_fft.cc:467] Unable to register cuFFT factory: Attempting to register factory for plugin cuFFT when one has already been registered
WARNING: All log messages before absl::InitializeLog() is called are written to STDERR
E0000 00:00:1782679772.422458     242 cuda_dnn.cc:8579] Unable to register cuDNN factory: Attempting to register factory for plugin cuDNN when one has already been registered
E0000 00:00:1782679772.430645     242 cuda_blas.cc:1407] Unable to register cuBLAS factory: Attempting to register factory for plugin cuBLAS when one has already been registered
W0000 00:00:1782679772.451356     242 computation_placer.cc:177] computation placer already registered. Please check linkage and avoid linking the same target more than once.
W0000 00:00:1782679772.451380     242 computation_placer.cc:177] computation placer already registered. Please check linkage and avoid linking the same target more than once.
W0000 00:00:1782679772.451383     242 computation_placer.cc:177] computation placer already registered. Please check linkage and avoid linking the same target more than once.
W0000 00:00:1782679772.451385     242 computation_placer.cc:177] computation placer already registered. Please check linkage and avoid linking the same target more than once.
[chunk] fitting/indexing
[embed] encoding 3191 texts on device=cuda:0

Batches:   0%|          | 0/50 [00:00<?, ?it/s]
Batches:   2%|▏         | 1/50 [00:00<00:45,  1.09it/s]
Batches:   4%|▍         | 2/50 [00:01<00:35,  1.36it/s]
Batches:   6%|▌         | 3/50 [00:02<00:29,  1.61it/s]
Batches:   8%|▊         | 4/50 [00:02<00:26,  1.76it/s]
Batches:  10%|█         | 5/50 [00:02<00:21,  2.09it/s]
Batches:  12%|█▏        | 6/50 [00:03<00:18,  2.38it/s]
Batches:  14%|█▍        | 7/50 [00:03<00:15,  2.75it/s]
Batches:  16%|█▌        | 8/50 [00:03<00:13,  3.10it/s]
Batches:  18%|█▊        | 9/50 [00:03<00:11,  3.48it/s]
Batches:  20%|██        | 10/50 [00:04<00:10,  3.78it/s]
Batches:  22%|██▏       | 11/50 [00:04<00:09,  4.24it/s]
Batches:  24%|██▍       | 12/50 [00:04<00:08,  4.68it/s]
Batches:  26%|██▌       | 13/50 [00:04<00:07,  5.04it/s]
Batches:  28%|██▊       | 14/50 [00:04<00:06,  5.56it/s]
Batches:  30%|███       | 15/50 [00:04<00:05,  6.29it/s]
Batches:  32%|███▏      | 16/50 [00:04<00:05,  6.79it/s]
Batches:  34%|███▍      | 17/50 [00:05<00:04,  7.36it/s]
Batches:  36%|███▌      | 18/50 [00:05<00:04,  7.86it/s]
Batches:  38%|███▊      | 19/50 [00:05<00:03,  8.20it/s]
Batches:  42%|████▏     | 21/50 [00:05<00:03,  9.09it/s]
Batches:  46%|████▌     | 23/50 [00:05<00:02,  9.95it/s]
Batches:  50%|█████     | 25/50 [00:05<00:02, 10.59it/s]
Batches:  54%|█████▍    | 27/50 [00:05<00:02, 11.22it/s]
Batches:  58%|█████▊    | 29/50 [00:06<00:01, 11.75it/s]
Batches:  62%|██████▏   | 31/50 [00:06<00:01, 12.27it/s]
Batches:  66%|██████▌   | 33/50 [00:06<00:01, 13.62it/s]
Batches:  70%|███████   | 35/50 [00:06<00:01, 14.58it/s]
Batches:  74%|███████▍  | 37/50 [00:06<00:00, 15.64it/s]
Batches:  78%|███████▊  | 39/50 [00:06<00:00, 16.66it/s]
Batches:  84%|████████▍ | 42/50 [00:06<00:00, 18.69it/s]
Batches:  90%|█████████ | 45/50 [00:06<00:00, 21.39it/s]
Batches: 100%|██████████| 50/50 [00:06<00:00, 28.18it/s]
Batches: 100%|██████████| 50/50 [00:06<00:00,  7.15it/s]
[chunk] retrieving
[embed] encoding 500 texts on device=cuda:0

Batches:   0%|          | 0/8 [00:00<?, ?it/s]
Batches:  50%|█████     | 4/8 [00:00<00:00, 35.65it/s]
Batches: 100%|██████████| 8/8 [00:00<00:00, 41.56it/s]
[density] retrieving ACE graph
[ace] building evidence graph
[ace] graph built: nodes=28905 edges=47319
[ace] fitting/indexing embeddings
[embed] encoding 25714 texts on device=cuda:0

Batches:   0%|          | 0/402 [00:00<?, ?it/s]
Batches:   0%|          | 1/402 [00:00<01:45,  3.81it/s]
Batches:   0%|          | 2/402 [00:00<01:16,  5.23it/s]
Batches:   1%|          | 4/402 [00:00<00:50,  7.95it/s]
Batches:   1%|▏         | 6/402 [00:00<00:41,  9.60it/s]
Batches:   2%|▏         | 8/402 [00:00<00:37, 10.52it/s]
Batches:   2%|▏         | 10/402 [00:01<00:35, 10.95it/s]
Batches:   3%|▎         | 12/402 [00:01<00:33, 11.61it/s]
Batches:   3%|▎         | 14/402 [00:01<00:32, 12.05it/s]
Batches:   4%|▍         | 16/402 [00:01<00:30, 12.67it/s]
Batches:   4%|▍         | 18/402 [00:01<00:28, 13.46it/s]
Batches:   5%|▍         | 20/402 [00:01<00:26, 14.37it/s]
Batches:   5%|▌         | 22/402 [00:01<00:26, 14.22it/s]
Batches:   6%|▌         | 24/402 [00:02<00:25, 14.54it/s]
Batches:   6%|▋         | 26/402 [00:02<00:24, 15.34it/s]
Batches:   7%|▋         | 28/402 [00:02<00:23, 15.76it/s]
Batches:   7%|▋         | 30/402 [00:02<00:23, 16.07it/s]
Batches:   8%|▊         | 32/402 [00:02<00:22, 16.63it/s]
Batches:   8%|▊         | 34/402 [00:02<00:21, 17.46it/s]
Batches:   9%|▉         | 36/402 [00:02<00:20, 17.67it/s]
Batches:  10%|▉         | 39/402 [00:02<00:19, 18.90it/s]
Batches:  10%|█         | 42/402 [00:02<00:18, 19.52it/s]
Batches:  11%|█         | 45/402 [00:03<00:17, 20.02it/s]
Batches:  12%|█▏        | 48/402 [00:03<00:17, 20.43it/s]
Batches:  13%|█▎        | 51/402 [00:03<00:17, 20.29it/s]
Batches:  13%|█▎        | 54/402 [00:03<00:16, 20.76it/s]
Batches:  14%|█▍        | 57/402 [00:03<00:16, 21.15it/s]
Batches:  15%|█▍        | 60/402 [00:03<00:15, 21.55it/s]
Batches:  16%|█▌        | 63/402 [00:03<00:15, 21.94it/s]
Batches:  16%|█▋        | 66/402 [00:04<00:15, 21.51it/s]
Batches:  17%|█▋        | 69/402 [00:04<00:15, 21.70it/s]
Batches:  18%|█▊        | 72/402 [00:04<00:14, 22.67it/s]
Batches:  19%|█▊        | 75/402 [00:04<00:14, 23.32it/s]
Batches:  19%|█▉        | 78/402 [00:04<00:13, 23.57it/s]
Batches:  20%|██        | 81/402 [00:04<00:13, 24.18it/s]
Batches:  21%|██        | 84/402 [00:04<00:12, 25.15it/s]
Batches:  22%|██▏       | 87/402 [00:04<00:12, 25.54it/s]
Batches:  22%|██▏       | 90/402 [00:05<00:12, 25.55it/s]
Batches:  23%|██▎       | 93/402 [00:05<00:11, 26.54it/s]
Batches:  24%|██▍       | 96/402 [00:05<00:11, 27.04it/s]
Batches:  25%|██▍       | 99/402 [00:05<00:11, 27.35it/s]
Batches:  25%|██▌       | 102/402 [00:05<00:10, 27.32it/s]
Batches:  26%|██▌       | 105/402 [00:05<00:10, 27.92it/s]
Batches:  27%|██▋       | 108/402 [00:05<00:10, 28.17it/s]
Batches:  28%|██▊       | 111/402 [00:05<00:10, 28.51it/s]
Batches:  28%|██▊       | 114/402 [00:05<00:10, 28.39it/s]
Batches:  29%|██▉       | 117/402 [00:06<00:09, 28.76it/s]
Batches:  30%|███       | 121/402 [00:06<00:09, 29.69it/s]
Batches:  31%|███       | 125/402 [00:06<00:09, 30.46it/s]
Batches:  32%|███▏      | 129/402 [00:06<00:08, 31.10it/s]
Batches:  33%|███▎      | 133/402 [00:06<00:08, 31.46it/s]
Batches:  34%|███▍      | 137/402 [00:06<00:08, 32.18it/s]
Batches:  35%|███▌      | 141/402 [00:06<00:07, 33.36it/s]
Batches:  36%|███▌      | 145/402 [00:06<00:07, 33.91it/s]
Batches:  37%|███▋      | 149/402 [00:06<00:07, 35.52it/s]
Batches:  38%|███▊      | 154/402 [00:07<00:06, 37.00it/s]
Batches:  40%|███▉      | 159/402 [00:07<00:06, 38.15it/s]
Batches:  41%|████      | 164/402 [00:07<00:06, 39.52it/s]
Batches:  42%|████▏     | 169/402 [00:07<00:05, 41.92it/s]
Batches:  44%|████▎     | 175/402 [00:07<00:05, 45.02it/s]
Batches:  45%|████▌     | 181/402 [00:07<00:04, 47.42it/s]
Batches:  47%|████▋     | 187/402 [00:07<00:04, 49.78it/s]
Batches:  48%|████▊     | 194/402 [00:07<00:03, 53.60it/s]
Batches:  50%|█████     | 202/402 [00:07<00:03, 58.84it/s]
Batches:  52%|█████▏    | 210/402 [00:08<00:02, 64.13it/s]
Batches:  54%|█████▍    | 219/402 [00:08<00:02, 69.47it/s]
Batches:  57%|█████▋    | 228/402 [00:08<00:02, 72.99it/s]
Batches:  59%|█████▉    | 237/402 [00:08<00:02, 77.13it/s]
Batches:  61%|██████    | 246/402 [00:08<00:01, 80.00it/s]
Batches:  63%|██████▎   | 255/402 [00:08<00:01, 82.06it/s]
Batches:  66%|██████▌   | 265/402 [00:08<00:01, 85.00it/s]
Batches:  68%|██████▊   | 275/402 [00:08<00:01, 87.50it/s]
Batches:  71%|███████   | 285/402 [00:08<00:01, 89.07it/s]
Batches:  73%|███████▎  | 295/402 [00:09<00:01, 91.47it/s]
Batches:  76%|███████▌  | 305/402 [00:09<00:01, 92.95it/s]
Batches:  79%|███████▊  | 316/402 [00:09<00:00, 95.81it/s]
Batches:  81%|████████▏ | 327/402 [00:09<00:00, 97.42it/s]
Batches:  84%|████████▍ | 338/402 [00:09<00:00, 99.01it/s]
Batches:  87%|████████▋ | 348/402 [00:09<00:00, 98.15it/s]
Batches:  89%|████████▉ | 358/402 [00:09<00:00, 97.61it/s]
Batches:  92%|█████████▏| 368/402 [00:09<00:00, 96.64it/s]
Batches:  94%|█████████▍| 378/402 [00:09<00:00, 97.09it/s]
Batches:  97%|█████████▋| 388/402 [00:09<00:00, 97.84it/s]
Batches:  99%|█████████▉| 399/402 [00:10<00:00, 99.61it/s]
Batches: 100%|██████████| 402/402 [00:10<00:00, 39.73it/s]
[ace] retrieving
[embed] encoding 500 texts on device=cuda:0

Batches:   0%|          | 0/8 [00:00<?, ?it/s]
Batches:  50%|█████     | 4/8 [00:00<00:00, 35.51it/s]
Batches: 100%|██████████| 8/8 [00:00<00:00, 39.95it/s]
[gate] chunk: recall@5=0.718 all_gold@5=0.43
[gate] ace: recall@5=0.711 all_gold@5=0.43
wrote /kaggle/working/colab_results/stage10a_2wiki_retrieval_gate_limit500_seed42/2wiki_local_retrieval_gate_limit500_seed42.csv
[gate] DECISION INPUT: chunk all_gold@5=0.43 (MuSiQue was 0.184 -> packer null; HotpotQA ~0.76 -> packer win)
=== control/main.py done: stage10a 2wiki retrieval gate; ok=True ===
Read chunk all_gold@5 from the gate CSV / [gate] log line to decide on the full Run B factorial.
