=== Kaggle GitHub loop started ===
$ git ...
[start] running /kaggle/working/github_control_repo/control/main.py hash=7e7300f642773e4e882d011518ecce7a965e143282224113d06a680376ceef66
$ git config user.email kaggle-runner@example.local
$ git config user.name kaggle-runner
$ git add kaggle_results
$ git commit -m Kaggle results 20260628_090036 complete
$ git push origin main
[publish] pushed https://github.com/ml-researcher123/thesis-code/tree/main/kaggle_results/latest
[sleep] 300s
$ git fetch origin main
$ git checkout main
$ git reset --hard origin/main
[skip] current main.py hash already completed: 7e7300f64277
[sleep] 300s
$ git fetch origin main
$ git checkout main
$ git reset --hard origin/main
[skip] current main.py hash already completed: 7e7300f64277
[sleep] 300s
$ git fetch origin main
$ git checkout main
$ git reset --hard origin/main
[start] running /kaggle/working/github_control_repo/control/main.py hash=09d96219f12eea2d8959cd081c9d0b942ff0acee9cec197ad5fe5e6de6566f29
$ git config user.email kaggle-runner@example.local
$ git config user.name kaggle-runner
$ git add kaggle_results
$ git commit -m Kaggle results 20260628_100359 complete
$ git push origin main
[publish] pushed https://github.com/ml-researcher123/thesis-code/tree/main/kaggle_results/latest
[sleep] 300s
$ git fetch origin main
$ git checkout main
$ git reset --hard origin/main
[skip] current main.py hash already completed: 09d96219f12e
[sleep] 300s
$ git fetch origin main
$ git checkout main
$ git reset --hard origin/main
[skip] current main.py hash already completed: 09d96219f12e
[sleep] 300s
$ git fetch origin main
$ git checkout main
$ git reset --hard origin/main
[start] running /kaggle/working/github_control_repo/control/main.py hash=e1df5c03579239f560d6984d7a1395ca2c93a4a703f6a89812133b04ac042c94
