=== Kaggle GitHub loop started ===
$ git ...
[start] running /kaggle/working/github_control_repo/control/main.py hash=cc1582a09aaf1a18052c58c3e0cfecebf2e6d583db2948eaba146dea22653f6d
$ git config user.email kaggle-runner@example.local
$ git config user.name kaggle-runner
$ git add kaggle_results
$ git commit -m Kaggle results 20260628_043844 complete
$ git push origin main
[publish] pushed https://github.com/ml-researcher123/thesis-code/tree/main/kaggle_results/latest
[sleep] 300s
$ git fetch origin main
$ git checkout main
$ git reset --hard origin/main
[skip] current main.py hash already completed: cc1582a09aaf
[sleep] 300s
$ git fetch origin main
$ git checkout main
$ git reset --hard origin/main
[skip] current main.py hash already completed: cc1582a09aaf
[sleep] 300s
$ git fetch origin main
$ git checkout main
$ git reset --hard origin/main
[skip] current main.py hash already completed: cc1582a09aaf
[sleep] 300s
$ git fetch origin main
$ git checkout main
$ git reset --hard origin/main
[start] running /kaggle/working/github_control_repo/control/main.py hash=d88a4297d8a856432e34ddce54b045cc85318f4ddf95f3b7dbfe8858bd02428b
$ git config user.email kaggle-runner@example.local
$ git config user.name kaggle-runner
$ git add kaggle_results
$ git commit -m Kaggle results 20260628_050439 complete
$ git push origin main
[publish] git push failed
[sleep] 300s
$ git fetch origin main
$ git checkout main
$ git reset --hard origin/main
[skip] current main.py hash already completed: d88a4297d8a8
[sleep] 300s
