=== Kaggle GitHub loop started ===
$ git ...
[start] running /kaggle/working/github_control_repo/control/main.py hash=0577126953c114d09eef4d605df0d6ccf4d5164a8b83eac1911a22661d0b25d4
$ git config user.email kaggle-runner@example.local
$ git config user.name kaggle-runner
$ git add kaggle_results
$ git commit -m Kaggle results 20260720_212349 complete
$ git push origin main
[publish] pushed https://github.com/ml-researcher123/thesis-code/tree/main/kaggle_results/latest
[sleep] 300s
$ git fetch origin main
$ git checkout main
$ git reset --hard origin/main
[skip] current main.py hash already completed: 0577126953c1
[sleep] 300s
$ git fetch origin main
$ git checkout main
$ git reset --hard origin/main
[skip] current main.py hash already completed: 0577126953c1
[sleep] 300s
$ git fetch origin main
$ git checkout main
$ git reset --hard origin/main
[skip] current main.py hash already completed: 0577126953c1
[sleep] 300s
$ git fetch origin main
$ git checkout main
$ git reset --hard origin/main
[skip] current main.py hash already completed: 0577126953c1
[sleep] 300s
$ git fetch origin main
$ git checkout main
$ git reset --hard origin/main
[skip] current main.py hash already completed: 0577126953c1
[sleep] 300s
$ git fetch origin main
$ git checkout main
$ git reset --hard origin/main
[start] running /kaggle/working/github_control_repo/control/main.py hash=a1136b37ba6b46b4f5ef6a8e181a773bb91f965f15199967b4f842c011c7c404
