[     0.0s] === run 'e5_real_compression_probe' ===
[     0.0s] host=3bf7ce70611d python=3.12.13 config=/kaggle/working/repo/configs/e5_real_compression_probe.yaml
[     0.3s] device=cuda seed=0
[    21.3s] E5 real-encoder compression wall | model=mixedbread-ai/mxbai-embed-large-v1 n_f=[1, 2, 4, 8, 16] dims=[8, 16, 32, 64, 128, 256, 512, 1024] V=8 device=cuda
[    38.6s]   n_f=  1 D_c=    8 | acc=0.941+-0.004 (chance=0.125)
[    38.6s]   n_f=  1 D_c=   16 | acc=0.969+-0.008 (chance=0.125)
[    38.6s]   n_f=  1 D_c=   32 | acc=0.980+-0.004 (chance=0.125)
[    38.6s]   n_f=  1 D_c=   64 | acc=0.984+-0.008 (chance=0.125)
[    38.6s]   n_f=  1 D_c=  128 | acc=0.984+-0.008 (chance=0.125)
[    38.6s]   n_f=  1 D_c=  256 | acc=0.992+-0.008 (chance=0.125)
[    38.6s]   n_f=  1 D_c=  512 | acc=0.988+-0.012 (chance=0.125)
[    38.6s]   n_f=  1 D_c= 1024 | acc=0.980+-0.020 (chance=0.125)
[    50.0s]   n_f=  2 D_c=    8 | acc=0.287+-0.002 (chance=0.125)
[    50.0s]   n_f=  2 D_c=   16 | acc=0.363+-0.016 (chance=0.125)
[    50.0s]   n_f=  2 D_c=   32 | acc=0.465+-0.016 (chance=0.125)
[    50.0s]   n_f=  2 D_c=   64 | acc=0.486+-0.006 (chance=0.125)
[    50.0s]   n_f=  2 D_c=  128 | acc=0.545+-0.010 (chance=0.125)
[    50.0s]   n_f=  2 D_c=  256 | acc=0.541+-0.014 (chance=0.125)
[    50.0s]   n_f=  2 D_c=  512 | acc=0.521+-0.014 (chance=0.125)
[    50.0s]   n_f=  2 D_c= 1024 | acc=0.533+-0.033 (chance=0.125)
[    62.1s]   n_f=  4 D_c=    8 | acc=0.181+-0.003 (chance=0.125)
[    62.1s]   n_f=  4 D_c=   16 | acc=0.198+-0.003 (chance=0.125)
[    62.1s]   n_f=  4 D_c=   32 | acc=0.247+-0.007 (chance=0.125)
[    62.1s]   n_f=  4 D_c=   64 | acc=0.311+-0.010 (chance=0.125)
[    62.1s]   n_f=  4 D_c=  128 | acc=0.318+-0.012 (chance=0.125)
[    62.1s]   n_f=  4 D_c=  256 | acc=0.320+-0.018 (chance=0.125)
[    62.1s]   n_f=  4 D_c=  512 | acc=0.321+-0.028 (chance=0.125)
[    62.1s]   n_f=  4 D_c= 1024 | acc=0.315+-0.026 (chance=0.125)
[    74.8s]   n_f=  8 D_c=    8 | acc=0.152+-0.012 (chance=0.125)
[    74.8s]   n_f=  8 D_c=   16 | acc=0.168+-0.003 (chance=0.125)
[    74.8s]   n_f=  8 D_c=   32 | acc=0.194+-0.003 (chance=0.125)
[    74.8s]   n_f=  8 D_c=   64 | acc=0.241+-0.003 (chance=0.125)
[    74.8s]   n_f=  8 D_c=  128 | acc=0.240+-0.009 (chance=0.125)
[    74.8s]   n_f=  8 D_c=  256 | acc=0.239+-0.015 (chance=0.125)
[    74.8s]   n_f=  8 D_c=  512 | acc=0.238+-0.010 (chance=0.125)
[    74.8s]   n_f=  8 D_c= 1024 | acc=0.235+-0.001 (chance=0.125)
[    89.2s]   n_f= 16 D_c=    8 | acc=0.145+-0.000 (chance=0.125)
[    89.2s]   n_f= 16 D_c=   16 | acc=0.166+-0.000 (chance=0.125)
[    89.2s]   n_f= 16 D_c=   32 | acc=0.181+-0.007 (chance=0.125)
[    89.2s]   n_f= 16 D_c=   64 | acc=0.206+-0.006 (chance=0.125)
[    89.2s]   n_f= 16 D_c=  128 | acc=0.216+-0.006 (chance=0.125)
[    89.2s]   n_f= 16 D_c=  256 | acc=0.218+-0.003 (chance=0.125)
[    89.2s]   n_f= 16 D_c=  512 | acc=0.212+-0.001 (chance=0.125)
[    89.2s]   n_f= 16 D_c= 1024 | acc=0.201+-0.005 (chance=0.125)
[    89.6s]   saved figure -> e5_real_compression_wall.png
[    89.6s] === done in 89.3s -> /kaggle/working/repo/outputs/e5_real_compression_probe ===
