=== Kaggle GitHub loop started ===
$ git fetch origin main
$ git checkout main
$ git reset --hard origin/main
[start] running /kaggle/working/github_control_repo/control/main.py hash=9d2c48f885017c9f5e6f1845f8d8f061d343a4f484a6579e975710704c5592ea
$ git config user.email kaggle-runner@example.local
$ git config user.name kaggle-runner
$ git add kaggle_results
$ git commit -m Kaggle results 20260628_052716 complete
$ git push origin main
[publish] pushed https://github.com/ml-researcher123/thesis-code/tree/main/kaggle_results/latest
[sleep] 300s
$ git fetch origin main
$ git checkout main
$ git reset --hard origin/main
[skip] current main.py hash already completed: 9d2c48f88501
[sleep] 300s
$ git fetch origin main
$ git checkout main
$ git reset --hard origin/main
[start] running /kaggle/working/github_control_repo/control/main.py hash=e0d403198c252e834ea9510c627e6ac8901ad599a4ea2a580dffd995ef686ab7
