[     0.0s] === run 'e1c_scaling_fit' ===
[     0.0s] host=d856c35f3a76 python=3.12.13 config=/kaggle/working/repo/configs/e1c_scaling_fit.yaml
[     0.2s] device=cuda seed=0
[     0.3s] E1c scaling fit | patterns=['all_pairs', 'random_ksubsets'] dims=[2, 3, 4, 6, 8, 11, 16, 22, 32] n_d=[40, 64, 100, 160, 256, 400] seeds=[0, 1, 2, 3, 4]
[    29.6s]   [all_pairs] n_d=  40 d*=8 | 2:0.02 3:0.06 4:0.41 6:0.95 8:1.00 11:1.00 16:1.00 22:1.00 32:1.00
[    57.5s]   [all_pairs] n_d=  64 d*=8 | 2:0.01 3:0.04 4:0.20 6:0.83 8:1.00 11:1.00 16:1.00 22:1.00 32:1.00
[    84.4s]   [all_pairs] n_d= 100 d*=11 | 2:0.01 3:0.03 4:0.12 6:0.59 8:0.99 11:1.00 16:1.00 22:1.00 32:1.00
[   110.6s]   [all_pairs] n_d= 160 d*=11 | 2:0.00 3:0.02 4:0.07 6:0.47 8:0.98 11:1.00 16:1.00 22:1.00 32:1.00
[   137.0s]   [all_pairs] n_d= 256 d*=11 | 2:0.00 3:0.01 4:0.05 6:0.39 8:0.97 11:1.00 16:1.00 22:1.00 32:1.00
[   164.0s]   [all_pairs] n_d= 400 d*=11 | 2:0.00 3:0.01 4:0.03 6:0.39 8:0.97 11:1.00 16:1.00 22:1.00 32:1.00
[   164.0s]   [all_pairs] d* power: a=4.61 b=0.16 R2=0.643 | log R2=0.682
[   190.1s]   [random_ksubsets] n_d=  40 d*=8 | 2:0.01 3:0.05 4:0.21 6:0.94 8:1.00 11:1.00 16:1.00 22:1.00 32:1.00
[   216.6s]   [random_ksubsets] n_d=  64 d*=8 | 2:0.00 3:0.01 4:0.07 6:0.72 8:1.00 11:1.00 16:1.00 22:1.00 32:1.00
[   243.3s]   [random_ksubsets] n_d= 100 d*=8 | 2:0.00 3:0.00 4:0.02 6:0.33 8:1.00 11:1.00 16:1.00 22:1.00 32:1.00
[   270.8s]   [random_ksubsets] n_d= 160 d*=11 | 2:0.00 3:0.00 4:0.01 6:0.13 8:0.84 11:1.00 16:1.00 22:1.00 32:1.00
[   298.6s]   [random_ksubsets] n_d= 256 d*=11 | 2:0.00 3:0.00 4:0.00 6:0.03 8:0.42 11:1.00 16:1.00 22:1.00 32:1.00
[   326.2s]   [random_ksubsets] n_d= 400 d*=11 | 2:0.00 3:0.00 4:0.00 6:0.01 8:0.17 11:0.99 16:1.00 22:1.00 32:1.00
[   326.2s]   [random_ksubsets] d* power: a=3.96 b=0.18 R2=0.770 | log R2=0.774
[   326.2s]   sub-critical: realizability ≈ 4.264*(d/n_d) + 0.156 (R2=0.176, n=32)
[   326.6s]   saved figures -> e1c_dstar_scaling.png, e1c_subcritical_ratio.png
[   326.6s] === done in 326.4s -> /kaggle/working/repo/outputs/e1c_scaling_fit ===
