=== Kaggle GitHub loop started ===
$ git ...
[bootstrap] copied loose control script /kaggle/input/datasets/anantonayan/idkssss/main.py to /kaggle/working/github_control_repo/control/main.py
$ git config user.email kaggle-runner@example.local
$ git config user.name kaggle-runner
$ git add control README_GITHUB_KAGGLE_LOOP.md
$ git commit -m Bootstrap Kaggle control job
$ git push -u origin main
[bootstrap] pushed initial control job to https://github.com/ml-researcher123/thesis-code/tree/main/control
[start] running /kaggle/working/github_control_repo/control/main.py hash=322194d92fd8b33afddcea3f8e623a956d0d19491613d5df18d5a518226af4cf
$ git config user.email kaggle-runner@example.local
$ git config user.name kaggle-runner
$ git add kaggle_results
$ git commit -m Kaggle results 20260627_104007 failed
$ git push origin main
[publish] pushed https://github.com/ml-researcher123/thesis-code/tree/main/kaggle_results/latest
[error] RuntimeError: control script failed with code 1
[sleep] 300s
$ git fetch origin main
$ git checkout main
$ git reset --hard origin/main
[start] running /kaggle/working/github_control_repo/control/main.py hash=322194d92fd8b33afddcea3f8e623a956d0d19491613d5df18d5a518226af4cf
$ git config user.email kaggle-runner@example.local
$ git config user.name kaggle-runner
$ git add kaggle_results
$ git commit -m Kaggle results 20260627_104508 failed
$ git push origin main
[publish] pushed https://github.com/ml-researcher123/thesis-code/tree/main/kaggle_results/latest
[error] RuntimeError: control script failed with code 1
[sleep] 300s
$ git fetch origin main
$ git checkout main
$ git reset --hard origin/main
[start] running /kaggle/working/github_control_repo/control/main.py hash=322194d92fd8b33afddcea3f8e623a956d0d19491613d5df18d5a518226af4cf
$ git config user.email kaggle-runner@example.local
$ git config user.name kaggle-runner
$ git add kaggle_results
$ git commit -m Kaggle results 20260627_105010 failed
$ git push origin main
[publish] pushed https://github.com/ml-researcher123/thesis-code/tree/main/kaggle_results/latest
[error] RuntimeError: control script failed with code 1
[sleep] 300s
$ git fetch origin main
$ git checkout main
$ git reset --hard origin/main
[start] running /kaggle/working/github_control_repo/control/main.py hash=322194d92fd8b33afddcea3f8e623a956d0d19491613d5df18d5a518226af4cf
$ git config user.email kaggle-runner@example.local
$ git config user.name kaggle-runner
$ git add kaggle_results
$ git commit -m Kaggle results 20260627_105511 failed
$ git push origin main
[publish] pushed https://github.com/ml-researcher123/thesis-code/tree/main/kaggle_results/latest
[error] RuntimeError: control script failed with code 1
[sleep] 300s
$ git fetch origin main
$ git checkout main
$ git reset --hard origin/main
[start] running /kaggle/working/github_control_repo/control/main.py hash=322194d92fd8b33afddcea3f8e623a956d0d19491613d5df18d5a518226af4cf
