=== Kaggle GitHub loop started ===
$ git fetch origin main
$ git checkout main
$ git reset --hard origin/main
[start] running /kaggle/working/github_control_repo/control/main.py hash=a9be8047265fb335e94c94cc3bb6a52a6d2b702dec963be64f2d198586636ffb
$ git config user.email kaggle-runner@example.local
$ git config user.name kaggle-runner
$ git add kaggle_results
$ git commit -m Kaggle results 20260627_112716 complete
$ git push origin main
[publish] pushed https://github.com/ml-researcher123/thesis-code/tree/main/kaggle_results/latest
[sleep] 300s
$ git fetch origin main
$ git checkout main
$ git reset --hard origin/main
[skip] current main.py hash already completed: a9be8047265f
[sleep] 300s
$ git fetch origin main
$ git checkout main
$ git reset --hard origin/main
[skip] current main.py hash already completed: a9be8047265f
[sleep] 300s
$ git fetch origin main
$ git checkout main
$ git reset --hard origin/main
[skip] current main.py hash already completed: a9be8047265f
[sleep] 300s
$ git fetch origin main
$ git checkout main
$ git reset --hard origin/main
[start] running /kaggle/working/github_control_repo/control/main.py hash=21f08486338a7e5b8fa1b203d8227e3f53b4f50dce72d4af3dde8fa6a34e3535
$ git config user.email kaggle-runner@example.local
$ git config user.name kaggle-runner
$ git add kaggle_results
$ git commit -m Kaggle results 20260627_121708 complete
$ git push origin main
[publish] pushed https://github.com/ml-researcher123/thesis-code/tree/main/kaggle_results/latest
[sleep] 300s
$ git fetch origin main
$ git checkout main
$ git reset --hard origin/main
[skip] current main.py hash already completed: 21f08486338a
[sleep] 300s
$ git fetch origin main
$ git checkout main
$ git reset --hard origin/main
[skip] current main.py hash already completed: 21f08486338a
[sleep] 300s
$ git fetch origin main
$ git checkout main
$ git reset --hard origin/main
[skip] current main.py hash already completed: 21f08486338a
[sleep] 300s
$ git fetch origin main
$ git checkout main
$ git reset --hard origin/main
[start] running /kaggle/working/github_control_repo/control/main.py hash=2be54dd41a26fe4b6b33dc0f05b1a61f19d18286b92ac0c140422f1098839011
