=== Kaggle GitHub loop started ===
$ git fetch origin main
$ git checkout main
$ git reset --hard origin/main
[start] running /kaggle/working/github_control_repo/control/main.py hash=a9be8047265fb335e94c94cc3bb6a52a6d2b702dec963be64f2d198586636ffb
$ git config user.email kaggle-runner@example.local
$ git config user.name kaggle-runner
$ git add kaggle_results
$ git commit -m Kaggle results 20260627_112716 complete
$ git push origin main
[publish] pushed https://github.com/ml-researcher123/thesis-code/tree/main/kaggle_results/latest
[sleep] 300s
$ git fetch origin main
$ git checkout main
$ git reset --hard origin/main
[skip] current main.py hash already completed: a9be8047265f
[sleep] 300s
$ git fetch origin main
$ git checkout main
$ git reset --hard origin/main
[skip] current main.py hash already completed: a9be8047265f
[sleep] 300s
$ git fetch origin main
$ git checkout main
$ git reset --hard origin/main
[skip] current main.py hash already completed: a9be8047265f
[sleep] 300s
$ git fetch origin main
$ git checkout main
$ git reset --hard origin/main
[start] running /kaggle/working/github_control_repo/control/main.py hash=21f08486338a7e5b8fa1b203d8227e3f53b4f50dce72d4af3dde8fa6a34e3535
$ git config user.email kaggle-runner@example.local
$ git config user.name kaggle-runner
$ git add kaggle_results
$ git commit -m Kaggle results 20260627_121708 complete
$ git push origin main
[publish] pushed https://github.com/ml-researcher123/thesis-code/tree/main/kaggle_results/latest
[sleep] 300s
$ git fetch origin main
$ git checkout main
$ git reset --hard origin/main
[skip] current main.py hash already completed: 21f08486338a
[sleep] 300s
$ git fetch origin main
$ git checkout main
$ git reset --hard origin/main
[skip] current main.py hash already completed: 21f08486338a
[sleep] 300s
$ git fetch origin main
$ git checkout main
$ git reset --hard origin/main
[skip] current main.py hash already completed: 21f08486338a
[sleep] 300s
$ git fetch origin main
$ git checkout main
$ git reset --hard origin/main
[start] running /kaggle/working/github_control_repo/control/main.py hash=2be54dd41a26fe4b6b33dc0f05b1a61f19d18286b92ac0c140422f1098839011
$ git config user.email kaggle-runner@example.local
$ git config user.name kaggle-runner
$ git add kaggle_results
$ git commit -m Kaggle results 20260627_130828 complete
$ git push origin main
[publish] pushed https://github.com/ml-researcher123/thesis-code/tree/main/kaggle_results/latest
[sleep] 300s
$ git fetch origin main
$ git checkout main
$ git reset --hard origin/main
[skip] current main.py hash already completed: 2be54dd41a26
[sleep] 300s
$ git fetch origin main
$ git checkout main
$ git reset --hard origin/main
[start] running /kaggle/working/github_control_repo/control/main.py hash=0880a62e0c48dad5e5bec883fc3c394aca0bd874040a8a74ea198fee1a16cad5
$ git config user.email kaggle-runner@example.local
$ git config user.name kaggle-runner
$ git add kaggle_results
$ git commit -m Kaggle results 20260627_134913 complete
$ git push origin main
[publish] pushed https://github.com/ml-researcher123/thesis-code/tree/main/kaggle_results/latest
[sleep] 300s
$ git fetch origin main
$ git checkout main
$ git reset --hard origin/main
[start] running /kaggle/working/github_control_repo/control/main.py hash=5ae9d8e108ee3ba7388685bd174fb8cf3d840b5e624964bead37d92b6fbb8d44
$ git config user.email kaggle-runner@example.local
$ git config user.name kaggle-runner
$ git add kaggle_results
$ git commit -m Kaggle results 20260627_142531 complete
$ git push origin main
[publish] pushed https://github.com/ml-researcher123/thesis-code/tree/main/kaggle_results/latest
[sleep] 300s
$ git fetch origin main
$ git checkout main
$ git reset --hard origin/main
[start] running /kaggle/working/github_control_repo/control/main.py hash=10498e59b7a52b85392983f4154c9f86b1d80e634fc7b959f1031e8fcb8978e3
$ git config user.email kaggle-runner@example.local
$ git config user.name kaggle-runner
$ git add kaggle_results
$ git commit -m Kaggle results 20260627_143037 complete
$ git push origin main
[publish] pushed https://github.com/ml-researcher123/thesis-code/tree/main/kaggle_results/latest
[sleep] 300s
$ git fetch origin main
$ git checkout main
$ git reset --hard origin/main
[skip] current main.py hash already completed: 10498e59b7a5
[sleep] 300s
$ git fetch origin main
$ git checkout main
$ git reset --hard origin/main
[skip] current main.py hash already completed: 10498e59b7a5
[sleep] 300s
$ git fetch origin main
$ git checkout main
$ git reset --hard origin/main
[start] running /kaggle/working/github_control_repo/control/main.py hash=8d88e1a24572b9ea293b2af4fd0223907b57a87616235d64178897b0e722073a
$ git config user.email kaggle-runner@example.local
$ git config user.name kaggle-runner
$ git add kaggle_results
$ git commit -m Kaggle results 20260627_152432 complete
$ git push origin main
[publish] pushed https://github.com/ml-researcher123/thesis-code/tree/main/kaggle_results/latest
[sleep] 300s
$ git fetch origin main
$ git checkout main
$ git reset --hard origin/main
[start] running /kaggle/working/github_control_repo/control/main.py hash=e7009f01d580b94ee9e10de17bed05030814b43d363288b87e8407b572c54dce
